******************************************************************************
                  TI ARM Linker PC v16.9.4                     
******************************************************************************
>> Linked Tue Nov 14 11:10:22 2017

OUTPUT FILE NAME:   <OLED_display.out>
ENTRY POINT SYMBOL: "_c_int00"  address: 00000801


MEMORY CONFIGURATION

         name            origin    length      used     unused   attr    fill
----------------------  --------  ---------  --------  --------  ----  --------
  MAIN                  00000000   00040000  000009d8  0003f628  R  X
  INFO                  00200000   00004000  00000000  00004000  R  X
  SRAM_CODE             01000000   00010000  0000021e  0000fde2  RW X
  SRAM_DATA             20000000   00010000  0000021e  0000fde2  RW  


SEGMENT ALLOCATION MAP

run origin  load origin   length   init length attrs members
----------  ----------- ---------- ----------- ----- -------
00000000    00000000    000009d8   000009d8    r-x
  00000000    00000000    000000e4   000000e4    r-- .intvecs
  000000e4    000000e4    000008cc   000008cc    r-x .text
  000009b0    000009b0    00000028   00000028    r-- .cinit
20000000    20000000    0000001e   00000000    rw-
  20000000    20000000    0000001e   00000000    rw- .data
2000fe00    2000fe00    00000200   00000000    rw-
  2000fe00    2000fe00    00000200   00000000    rw- .stack


SECTION ALLOCATION MAP

 output                                  attributes/
section   page    origin      length       input sections
--------  ----  ----------  ----------   ----------------
.intvecs   0    00000000    000000e4     
                  00000000    000000e4     startup_msp432p401r_ccs.obj (.intvecs:retain)

.binit     0    00000000    00000000     

.text      0    000000e4    000008cc     
                  000000e4    0000032c     system_msp432p401r.obj (.text)
                  00000410    000001c0     i2c.obj (.text)
                  000005d0    000000bc     gpio.obj (.text)
                  0000068c    0000009c     rtsv7M4_T_le_v4SPD16_eabi.lib : memcpy_t2.obj (.text)
                  00000728    00000070                                   : autoinit.obj (.text)
                  00000798    00000068                                   : copy_decompress_lzss.obj (.text:decompress:lzss)
                  00000800    00000054                                   : boot.obj (.text)
                  00000854    00000054                                   : exit.obj (.text)
                  000008a8    0000004c                                   : cpy_tbl.obj (.text)
                  000008f4    00000040     ssd1306.obj (.text)
                  00000934    0000002c     main.obj (.text)
                  00000960    00000018     rtsv7M4_T_le_v4SPD16_eabi.lib : args_main.obj (.text)
                  00000978    00000014                                   : _lock.obj (.text)
                  0000098c    0000000e                                   : copy_decompress_none.obj (.text:decompress:none)
                  0000099a    0000000e     startup_msp432p401r_ccs.obj (.text)
                  000009a8    00000004     rtsv7M4_T_le_v4SPD16_eabi.lib : pre_init.obj (.text)
                  000009ac    00000002                                   : mpu_init.obj (.text)
                  000009ae    00000002                                   : startup.obj (.text)

.cinit     0    000009b0    00000028     
                  000009b0    00000016     (.cinit..data.load) [load image, compression = lzss]
                  000009c6    00000002     --HOLE-- [fill = 0]
                  000009c8    00000008     (__TI_handler_table)
                  000009d0    00000008     (__TI_cinit_table)

.init_array 
*          0    00000000    00000000     UNINITIALIZED

.data      0    20000000    0000001e     UNINITIALIZED
                  20000000    0000000c     rtsv7M4_T_le_v4SPD16_eabi.lib : exit.obj (.data:$O1$$)
                  2000000c    00000008                                   : _lock.obj (.data:$O1$$)
                  20000014    00000004                                   : stkdepth_vars.obj (.data)
                  20000018    00000004     system_msp432p401r.obj (.data)
                  2000001c    00000002     main.obj (.data)

.bss       0    20000000    00000000     UNINITIALIZED

.stack     0    2000fe00    00000200     UNINITIALIZED
                  2000fe00    00000200     --HOLE--

MODULE SUMMARY

       Module                        code   ro data   rw data
       ------                        ----   -------   -------
    .\
       system_msp432p401r.obj        812    0         8      
       i2c.obj                       448    0         0      
       startup_msp432p401r_ccs.obj   14     228       0      
       gpio.obj                      188    0         0      
       ssd1306.obj                   64     0         0      
       main.obj                      44     0         4      
    +--+-----------------------------+------+---------+---------+
       Total:                        1570   228       12     
                                                             
    C:\ti\ccsv7\tools\compiler\ti-cgt-arm_16.9.4.LTS\lib\rtsv7M4_T_le_v4SPD16_eabi.lib
       memcpy_t2.obj                 156    0         0      
       autoinit.obj                  112    0         0      
       exit.obj                      84     0         24     
       copy_decompress_lzss.obj      104    0         0      
       boot.obj                      84     0         0      
       cpy_tbl.obj                   76     0         0      
       _lock.obj                     20     0         16     
       args_main.obj                 24     0         0      
       copy_decompress_none.obj      14     0         0      
       stkdepth_vars.obj             0      0         8      
       pre_init.obj                  4      0         0      
       mpu_init.obj                  2      0         0      
       startup.obj                   2      0         0      
    +--+-----------------------------+------+---------+---------+
       Total:                        682    0         48     
                                                             
       Stack:                        0      0         1024   
       Linker Generated:             0      38        0      
    +--+-----------------------------+------+---------+---------+
       Grand Total:                  2252   266       1084   


LINKER GENERATED COPY TABLES

__TI_cinit_table @ 000009d0 records: 1, size/record: 8, table size: 8
	.data: load addr=000009b0, load size=00000016 bytes, run addr=20000000, run size=0000001e bytes, compression=lzss


LINKER GENERATED HANDLER TABLE

__TI_handler_table @ 000009c8 records: 2, size/record: 4, table size: 8
	index: 0, handler: __TI_decompress_lzss
	index: 1, handler: __TI_decompress_none


GLOBAL SYMBOLS: SORTED ALPHABETICALLY BY Name 

address   name                           
-------   ----                           
000009a7  ADC14_IRQHandler               
000009a7  AES256_IRQHandler              
000009a7  BusFault_Handler               
00000855  C$$EXIT                        
000009a7  COMP_E0_IRQHandler             
000009a7  COMP_E1_IRQHandler             
000009a7  CS_IRQHandler                  
000009a7  DMA_ERR_IRQHandler             
000009a7  DMA_INT0_IRQHandler            
000009a7  DMA_INT1_IRQHandler            
000009a7  DMA_INT2_IRQHandler            
000009a7  DMA_INT3_IRQHandler            
000009a7  DebugMon_Handler               
000009a7  Default_Handler                
000009a7  EUSCIA0_IRQHandler             
000009a7  EUSCIA1_IRQHandler             
000009a7  EUSCIA2_IRQHandler             
000009a7  EUSCIA3_IRQHandler             
000009a7  EUSCIB0_IRQHandler             
00000525  EUSCIB1_IRQHandler             
00000525  EUSCIB1_IRQHandler             
000009a7  EUSCIB2_IRQHandler             
000009a7  EUSCIB3_IRQHandler             
000009a7  FLCTL_IRQHandler               
000009a7  FPU_IRQHandler                 
000009a7  HardFault_Handler              
000009a7  MemManage_Handler              
000009a7  NMI_Handler                    
000009a7  PCM_IRQHandler                 
000009a7  PORT1_IRQHandler               
000009a7  PORT2_IRQHandler               
000009a7  PORT3_IRQHandler               
000009a7  PORT4_IRQHandler               
000009a7  PORT5_IRQHandler               
000009a7  PORT6_IRQHandler               
000009a7  PSS_IRQHandler                 
000009a7  PendSV_Handler                 
000009a7  RTC_C_IRQHandler               
2000001c  RX_index                       
0000099b  Reset_Handler                  
UNDEFED   SHT$$INIT_ARRAY$$Base          
UNDEFED   SHT$$INIT_ARRAY$$Limit         
000009a7  SVC_Handler                    
000009a7  SysTick_Handler                
20000018  SystemCoreClock                
000000e5  SystemCoreClockUpdate          
00000359  SystemInit                     
000009a7  T32_INT1_IRQHandler            
000009a7  T32_INT2_IRQHandler            
000009a7  T32_INTC_IRQHandler            
000009a7  TA0_0_IRQHandler               
000009a7  TA0_N_IRQHandler               
000009a7  TA1_0_IRQHandler               
000009a7  TA1_N_IRQHandler               
000009a7  TA2_0_IRQHandler               
000009a7  TA2_N_IRQHandler               
000009a7  TA3_0_IRQHandler               
000009a7  TA3_N_IRQHandler               
2000001d  TX_index                       
000009a7  UsageFault_Handler             
4000480c  WDTCTL_SYM                     
000009a7  WDT_A_IRQHandler               
20010000  __STACK_END                    
00000200  __STACK_SIZE                   
000009d0  __TI_CINIT_Base                
000009d8  __TI_CINIT_Limit               
000009c8  __TI_Handler_Table_Base        
000009d0  __TI_Handler_Table_Limit       
00000729  __TI_auto_init                 
20000000  __TI_cleanup_ptr               
00000799  __TI_decompress_lzss           
0000098d  __TI_decompress_none           
20000004  __TI_dtors_ptr                 
20000008  __TI_enable_exit_profile_output
ffffffff  __TI_pprof_out_hndl            
ffffffff  __TI_prof_data_size            
ffffffff  __TI_prof_data_start           
00000000  __TI_static_base__             
0000068d  __aeabi_memcpy                 
0000068d  __aeabi_memcpy4                
0000068d  __aeabi_memcpy8                
ffffffff  __binit__                      
ffffffff  __c_args__                     
000009ad  __mpu_init                     
2000fe00  __stack                        
00000961  _args_main                     
00000801  _c_int00                       
2000000c  _lock                          
00000987  _nop                           
0000097f  _register_lock                 
00000979  _register_unlock               
000009af  _system_post_cinit             
000009a9  _system_pre_init               
20000010  _unlock                        
00000859  abort                          
ffffffff  binit                          
000008a9  copy_in                        
00000861  exit                           
000005a3  i2cDelay                       
000005d1  i2c_B1__MASTER_PIN_CONFIGURE   
0000043d  i2c_MASTER_Configure           
20000000  i2c_RX_array                   
00000000  interruptVectors               
00000935  main                           
20000014  main_func_sp                   
0000068d  memcpy                         
0000062f  red_LED_Blink                  
00000605  red_LED_Configure              
000004c3  send_Data_TX                   
00000475  set_Mode                       
000008f5  ssd1306_Command                
000004a3  start_Transmission             
0000050f  stop_Transmission              


GLOBAL SYMBOLS: SORTED BY Symbol Address 

address   name                           
-------   ----                           
00000000  __TI_static_base__             
00000000  interruptVectors               
000000e5  SystemCoreClockUpdate          
00000200  __STACK_SIZE                   
00000359  SystemInit                     
0000043d  i2c_MASTER_Configure           
00000475  set_Mode                       
000004a3  start_Transmission             
000004c3  send_Data_TX                   
0000050f  stop_Transmission              
00000525  EUSCIB1_IRQHandler             
00000525  EUSCIB1_IRQHandler             
000005a3  i2cDelay                       
000005d1  i2c_B1__MASTER_PIN_CONFIGURE   
00000605  red_LED_Configure              
0000062f  red_LED_Blink                  
0000068d  __aeabi_memcpy                 
0000068d  __aeabi_memcpy4                
0000068d  __aeabi_memcpy8                
0000068d  memcpy                         
00000729  __TI_auto_init                 
00000799  __TI_decompress_lzss           
00000801  _c_int00                       
00000855  C$$EXIT                        
00000859  abort                          
00000861  exit                           
000008a9  copy_in                        
000008f5  ssd1306_Command                
00000935  main                           
00000961  _args_main                     
00000979  _register_unlock               
0000097f  _register_lock                 
00000987  _nop                           
0000098d  __TI_decompress_none           
0000099b  Reset_Handler                  
000009a7  ADC14_IRQHandler               
000009a7  AES256_IRQHandler              
000009a7  BusFault_Handler               
000009a7  COMP_E0_IRQHandler             
000009a7  COMP_E1_IRQHandler             
000009a7  CS_IRQHandler                  
000009a7  DMA_ERR_IRQHandler             
000009a7  DMA_INT0_IRQHandler            
000009a7  DMA_INT1_IRQHandler            
000009a7  DMA_INT2_IRQHandler            
000009a7  DMA_INT3_IRQHandler            
000009a7  DebugMon_Handler               
000009a7  Default_Handler                
000009a7  EUSCIA0_IRQHandler             
000009a7  EUSCIA1_IRQHandler             
000009a7  EUSCIA2_IRQHandler             
000009a7  EUSCIA3_IRQHandler             
000009a7  EUSCIB0_IRQHandler             
000009a7  EUSCIB2_IRQHandler             
000009a7  EUSCIB3_IRQHandler             
000009a7  FLCTL_IRQHandler               
000009a7  FPU_IRQHandler                 
000009a7  HardFault_Handler              
000009a7  MemManage_Handler              
000009a7  NMI_Handler                    
000009a7  PCM_IRQHandler                 
000009a7  PORT1_IRQHandler               
000009a7  PORT2_IRQHandler               
000009a7  PORT3_IRQHandler               
000009a7  PORT4_IRQHandler               
000009a7  PORT5_IRQHandler               
000009a7  PORT6_IRQHandler               
000009a7  PSS_IRQHandler                 
000009a7  PendSV_Handler                 
000009a7  RTC_C_IRQHandler               
000009a7  SVC_Handler                    
000009a7  SysTick_Handler                
000009a7  T32_INT1_IRQHandler            
000009a7  T32_INT2_IRQHandler            
000009a7  T32_INTC_IRQHandler            
000009a7  TA0_0_IRQHandler               
000009a7  TA0_N_IRQHandler               
000009a7  TA1_0_IRQHandler               
000009a7  TA1_N_IRQHandler               
000009a7  TA2_0_IRQHandler               
000009a7  TA2_N_IRQHandler               
000009a7  TA3_0_IRQHandler               
000009a7  TA3_N_IRQHandler               
000009a7  UsageFault_Handler             
000009a7  WDT_A_IRQHandler               
000009a9  _system_pre_init               
000009ad  __mpu_init                     
000009af  _system_post_cinit             
000009c8  __TI_Handler_Table_Base        
000009d0  __TI_CINIT_Base                
000009d0  __TI_Handler_Table_Limit       
000009d8  __TI_CINIT_Limit               
20000000  __TI_cleanup_ptr               
20000000  i2c_RX_array                   
20000004  __TI_dtors_ptr                 
20000008  __TI_enable_exit_profile_output
2000000c  _lock                          
20000010  _unlock                        
20000014  main_func_sp                   
20000018  SystemCoreClock                
2000001c  RX_index                       
2000001d  TX_index                       
2000fe00  __stack                        
20010000  __STACK_END                    
4000480c  WDTCTL_SYM                     
ffffffff  __TI_pprof_out_hndl            
ffffffff  __TI_prof_data_size            
ffffffff  __TI_prof_data_start           
ffffffff  __binit__                      
ffffffff  __c_args__                     
ffffffff  binit                          
UNDEFED   SHT$$INIT_ARRAY$$Base          
UNDEFED   SHT$$INIT_ARRAY$$Limit         

[113 symbols]
