******************************************************************************
                  TI ARM Linker PC v16.9.4                     
******************************************************************************
>> Linked Tue Nov 14 11:46:02 2017

OUTPUT FILE NAME:   <OLED_display.out>
ENTRY POINT SYMBOL: "_c_int00"  address: 000008c9


MEMORY CONFIGURATION

         name            origin    length      used     unused   attr    fill
----------------------  --------  ---------  --------  --------  ----  --------
  MAIN                  00000000   00040000  00000a64  0003f59c  R  X
  INFO                  00200000   00004000  00000000  00004000  R  X
  SRAM_CODE             01000000   00010000  0000021e  0000fde2  RW X
  SRAM_DATA             20000000   00010000  0000021e  0000fde2  RW  


SEGMENT ALLOCATION MAP

run origin  load origin   length   init length attrs members
----------  ----------- ---------- ----------- ----- -------
00000000    00000000    00000a68   00000a68    r-x
  00000000    00000000    000000e4   000000e4    r-- .intvecs
  000000e4    000000e4    00000958   00000958    r-x .text
  00000a40    00000a40    00000028   00000028    r-- .cinit
20000000    20000000    0000001e   00000000    rw-
  20000000    20000000    0000001e   00000000    rw- .data
2000fe00    2000fe00    00000200   00000000    rw-
  2000fe00    2000fe00    00000200   00000000    rw- .stack


SECTION ALLOCATION MAP

 output                                  attributes/
section   page    origin      length       input sections
--------  ----  ----------  ----------   ----------------
.intvecs   0    00000000    000000e4     
                  00000000    000000e4     startup_msp432p401r_ccs.obj (.intvecs:retain)

.binit     0    00000000    00000000     

.text      0    000000e4    00000958     
                  000000e4    0000032c     system_msp432p401r.obj (.text)
                  00000410    000001b8     i2c.obj (.text)
                  000005c8    000000d0     ssd1306.obj (.text)
                  00000698    000000bc     gpio.obj (.text)
                  00000754    0000009c     rtsv7M4_T_le_v4SPD16_eabi.lib : memcpy_t2.obj (.text)
                  000007f0    00000070                                   : autoinit.obj (.text)
                  00000860    00000068                                   : copy_decompress_lzss.obj (.text:decompress:lzss)
                  000008c8    00000054                                   : boot.obj (.text)
                  0000091c    00000054                                   : exit.obj (.text)
                  00000970    0000004c                                   : cpy_tbl.obj (.text)
                  000009bc    00000030     main.obj (.text)
                  000009ec    00000018     rtsv7M4_T_le_v4SPD16_eabi.lib : args_main.obj (.text)
                  00000a04    00000014                                   : _lock.obj (.text)
                  00000a18    0000000e                                   : copy_decompress_none.obj (.text:decompress:none)
                  00000a26    0000000e     startup_msp432p401r_ccs.obj (.text)
                  00000a34    00000004     rtsv7M4_T_le_v4SPD16_eabi.lib : pre_init.obj (.text)
                  00000a38    00000002                                   : mpu_init.obj (.text)
                  00000a3a    00000002                                   : startup.obj (.text)

.cinit     0    00000a40    00000028     
                  00000a40    00000016     (.cinit..data.load) [load image, compression = lzss]
                  00000a56    00000002     --HOLE-- [fill = 0]
                  00000a58    00000008     (__TI_handler_table)
                  00000a60    00000008     (__TI_cinit_table)

.init_array 
*          0    00000000    00000000     UNINITIALIZED

.data      0    20000000    0000001e     UNINITIALIZED
                  20000000    0000000c     rtsv7M4_T_le_v4SPD16_eabi.lib : exit.obj (.data:$O1$$)
                  2000000c    00000008                                   : _lock.obj (.data:$O1$$)
                  20000014    00000004                                   : stkdepth_vars.obj (.data)
                  20000018    00000004     system_msp432p401r.obj (.data)
                  2000001c    00000002     main.obj (.data)

.bss       0    20000000    00000000     UNINITIALIZED

.stack     0    2000fe00    00000200     UNINITIALIZED
                  2000fe00    00000200     --HOLE--

MODULE SUMMARY

       Module                        code   ro data   rw data
       ------                        ----   -------   -------
    .\
       system_msp432p401r.obj        812    0         8      
       i2c.obj                       440    0         0      
       startup_msp432p401r_ccs.obj   14     228       0      
       ssd1306.obj                   208    0         0      
       gpio.obj                      188    0         0      
       main.obj                      48     0         4      
    +--+-----------------------------+------+---------+---------+
       Total:                        1710   228       12     
                                                             
    C:\ti\ccsv7\tools\compiler\ti-cgt-arm_16.9.4.LTS\lib\rtsv7M4_T_le_v4SPD16_eabi.lib
       memcpy_t2.obj                 156    0         0      
       autoinit.obj                  112    0         0      
       exit.obj                      84     0         24     
       copy_decompress_lzss.obj      104    0         0      
       boot.obj                      84     0         0      
       cpy_tbl.obj                   76     0         0      
       _lock.obj                     20     0         16     
       args_main.obj                 24     0         0      
       copy_decompress_none.obj      14     0         0      
       stkdepth_vars.obj             0      0         8      
       pre_init.obj                  4      0         0      
       mpu_init.obj                  2      0         0      
       startup.obj                   2      0         0      
    +--+-----------------------------+------+---------+---------+
       Total:                        682    0         48     
                                                             
       Stack:                        0      0         1024   
       Linker Generated:             0      38        0      
    +--+-----------------------------+------+---------+---------+
       Grand Total:                  2392   266       1084   


LINKER GENERATED COPY TABLES

__TI_cinit_table @ 00000a60 records: 1, size/record: 8, table size: 8
	.data: load addr=00000a40, load size=00000016 bytes, run addr=20000000, run size=0000001e bytes, compression=lzss


LINKER GENERATED HANDLER TABLE

__TI_handler_table @ 00000a58 records: 2, size/record: 4, table size: 8
	index: 0, handler: __TI_decompress_lzss
	index: 1, handler: __TI_decompress_none


GLOBAL SYMBOLS: SORTED ALPHABETICALLY BY Name 

address   name                           
-------   ----                           
00000a33  ADC14_IRQHandler               
00000a33  AES256_IRQHandler              
00000a33  BusFault_Handler               
0000091d  C$$EXIT                        
00000a33  COMP_E0_IRQHandler             
00000a33  COMP_E1_IRQHandler             
00000a33  CS_IRQHandler                  
00000a33  DMA_ERR_IRQHandler             
00000a33  DMA_INT0_IRQHandler            
00000a33  DMA_INT1_IRQHandler            
00000a33  DMA_INT2_IRQHandler            
00000a33  DMA_INT3_IRQHandler            
00000a33  DebugMon_Handler               
00000a33  Default_Handler                
00000a33  EUSCIA0_IRQHandler             
00000a33  EUSCIA1_IRQHandler             
00000a33  EUSCIA2_IRQHandler             
00000a33  EUSCIA3_IRQHandler             
00000a33  EUSCIB0_IRQHandler             
00000525  EUSCIB1_IRQHandler             
00000525  EUSCIB1_IRQHandler             
00000a33  EUSCIB2_IRQHandler             
00000a33  EUSCIB3_IRQHandler             
00000a33  FLCTL_IRQHandler               
00000a33  FPU_IRQHandler                 
00000a33  HardFault_Handler              
00000a33  MemManage_Handler              
00000a33  NMI_Handler                    
00000a33  PCM_IRQHandler                 
00000a33  PORT1_IRQHandler               
00000a33  PORT2_IRQHandler               
00000a33  PORT3_IRQHandler               
00000a33  PORT4_IRQHandler               
00000a33  PORT5_IRQHandler               
00000a33  PORT6_IRQHandler               
00000a33  PSS_IRQHandler                 
00000a33  PendSV_Handler                 
00000a33  RTC_C_IRQHandler               
2000001c  RX_index                       
00000a27  Reset_Handler                  
UNDEFED   SHT$$INIT_ARRAY$$Base          
UNDEFED   SHT$$INIT_ARRAY$$Limit         
00000a33  SVC_Handler                    
00000a33  SysTick_Handler                
20000018  SystemCoreClock                
000000e5  SystemCoreClockUpdate          
00000359  SystemInit                     
00000a33  T32_INT1_IRQHandler            
00000a33  T32_INT2_IRQHandler            
00000a33  T32_INTC_IRQHandler            
00000a33  TA0_0_IRQHandler               
00000a33  TA0_N_IRQHandler               
00000a33  TA1_0_IRQHandler               
00000a33  TA1_N_IRQHandler               
00000a33  TA2_0_IRQHandler               
00000a33  TA2_N_IRQHandler               
00000a33  TA3_0_IRQHandler               
00000a33  TA3_N_IRQHandler               
2000001d  TX_index                       
00000a33  UsageFault_Handler             
4000480c  WDTCTL_SYM                     
00000a33  WDT_A_IRQHandler               
20010000  __STACK_END                    
00000200  __STACK_SIZE                   
00000a60  __TI_CINIT_Base                
00000a68  __TI_CINIT_Limit               
00000a58  __TI_Handler_Table_Base        
00000a60  __TI_Handler_Table_Limit       
000007f1  __TI_auto_init                 
20000000  __TI_cleanup_ptr               
00000861  __TI_decompress_lzss           
00000a19  __TI_decompress_none           
20000004  __TI_dtors_ptr                 
20000008  __TI_enable_exit_profile_output
ffffffff  __TI_pprof_out_hndl            
ffffffff  __TI_prof_data_size            
ffffffff  __TI_prof_data_start           
00000000  __TI_static_base__             
00000755  __aeabi_memcpy                 
00000755  __aeabi_memcpy4                
00000755  __aeabi_memcpy8                
ffffffff  __binit__                      
ffffffff  __c_args__                     
00000a39  __mpu_init                     
2000fe00  __stack                        
000009ed  _args_main                     
000008c9  _c_int00                       
2000000c  _lock                          
00000a13  _nop                           
00000a0b  _register_lock                 
00000a05  _register_unlock               
00000a3b  _system_post_cinit             
00000a35  _system_pre_init               
20000010  _unlock                        
00000921  abort                          
ffffffff  binit                          
000005fb  clear_Screen                   
00000971  copy_in                        
0000064b  draw_Square                    
00000929  exit                           
00000599  i2cDelay                       
00000699  i2c_B1__MASTER_PIN_CONFIGURE   
0000043d  i2c_MASTER_Configure           
20000000  i2c_RX_array                   
00000000  interruptVectors               
000009bd  main                           
20000014  main_func_sp                   
00000755  memcpy                         
000006f7  red_LED_Blink                  
000006cd  red_LED_Configure              
000004c3  send_Data_TX                   
00000475  set_Mode                       
000005c9  ssd1306_Command                
000004a3  start_Transmission             
0000050f  stop_Transmission              


GLOBAL SYMBOLS: SORTED BY Symbol Address 

address   name                           
-------   ----                           
00000000  __TI_static_base__             
00000000  interruptVectors               
000000e5  SystemCoreClockUpdate          
00000200  __STACK_SIZE                   
00000359  SystemInit                     
0000043d  i2c_MASTER_Configure           
00000475  set_Mode                       
000004a3  start_Transmission             
000004c3  send_Data_TX                   
0000050f  stop_Transmission              
00000525  EUSCIB1_IRQHandler             
00000525  EUSCIB1_IRQHandler             
00000599  i2cDelay                       
000005c9  ssd1306_Command                
000005fb  clear_Screen                   
0000064b  draw_Square                    
00000699  i2c_B1__MASTER_PIN_CONFIGURE   
000006cd  red_LED_Configure              
000006f7  red_LED_Blink                  
00000755  __aeabi_memcpy                 
00000755  __aeabi_memcpy4                
00000755  __aeabi_memcpy8                
00000755  memcpy                         
000007f1  __TI_auto_init                 
00000861  __TI_decompress_lzss           
000008c9  _c_int00                       
0000091d  C$$EXIT                        
00000921  abort                          
00000929  exit                           
00000971  copy_in                        
000009bd  main                           
000009ed  _args_main                     
00000a05  _register_unlock               
00000a0b  _register_lock                 
00000a13  _nop                           
00000a19  __TI_decompress_none           
00000a27  Reset_Handler                  
00000a33  ADC14_IRQHandler               
00000a33  AES256_IRQHandler              
00000a33  BusFault_Handler               
00000a33  COMP_E0_IRQHandler             
00000a33  COMP_E1_IRQHandler             
00000a33  CS_IRQHandler                  
00000a33  DMA_ERR_IRQHandler             
00000a33  DMA_INT0_IRQHandler            
00000a33  DMA_INT1_IRQHandler            
00000a33  DMA_INT2_IRQHandler            
00000a33  DMA_INT3_IRQHandler            
00000a33  DebugMon_Handler               
00000a33  Default_Handler                
00000a33  EUSCIA0_IRQHandler             
00000a33  EUSCIA1_IRQHandler             
00000a33  EUSCIA2_IRQHandler             
00000a33  EUSCIA3_IRQHandler             
00000a33  EUSCIB0_IRQHandler             
00000a33  EUSCIB2_IRQHandler             
00000a33  EUSCIB3_IRQHandler             
00000a33  FLCTL_IRQHandler               
00000a33  FPU_IRQHandler                 
00000a33  HardFault_Handler              
00000a33  MemManage_Handler              
00000a33  NMI_Handler                    
00000a33  PCM_IRQHandler                 
00000a33  PORT1_IRQHandler               
00000a33  PORT2_IRQHandler               
00000a33  PORT3_IRQHandler               
00000a33  PORT4_IRQHandler               
00000a33  PORT5_IRQHandler               
00000a33  PORT6_IRQHandler               
00000a33  PSS_IRQHandler                 
00000a33  PendSV_Handler                 
00000a33  RTC_C_IRQHandler               
00000a33  SVC_Handler                    
00000a33  SysTick_Handler                
00000a33  T32_INT1_IRQHandler            
00000a33  T32_INT2_IRQHandler            
00000a33  T32_INTC_IRQHandler            
00000a33  TA0_0_IRQHandler               
00000a33  TA0_N_IRQHandler               
00000a33  TA1_0_IRQHandler               
00000a33  TA1_N_IRQHandler               
00000a33  TA2_0_IRQHandler               
00000a33  TA2_N_IRQHandler               
00000a33  TA3_0_IRQHandler               
00000a33  TA3_N_IRQHandler               
00000a33  UsageFault_Handler             
00000a33  WDT_A_IRQHandler               
00000a35  _system_pre_init               
00000a39  __mpu_init                     
00000a3b  _system_post_cinit             
00000a58  __TI_Handler_Table_Base        
00000a60  __TI_CINIT_Base                
00000a60  __TI_Handler_Table_Limit       
00000a68  __TI_CINIT_Limit               
20000000  __TI_cleanup_ptr               
20000000  i2c_RX_array                   
20000004  __TI_dtors_ptr                 
20000008  __TI_enable_exit_profile_output
2000000c  _lock                          
20000010  _unlock                        
20000014  main_func_sp                   
20000018  SystemCoreClock                
2000001c  RX_index                       
2000001d  TX_index                       
2000fe00  __stack                        
20010000  __STACK_END                    
4000480c  WDTCTL_SYM                     
ffffffff  __TI_pprof_out_hndl            
ffffffff  __TI_prof_data_size            
ffffffff  __TI_prof_data_start           
ffffffff  __binit__                      
ffffffff  __c_args__                     
ffffffff  binit                          
UNDEFED   SHT$$INIT_ARRAY$$Base          
UNDEFED   SHT$$INIT_ARRAY$$Limit         

[115 symbols]
